This is XeTeX, Version 3.141592653-2.6-0.999998 (TeX Live 2026/Arch Linux) (preloaded format=xelatex 2026.6.7)  8 JUN 2026 12:14
entering extended mode
 restricted \write18 enabled.
 %&-line parsing enabled.
**main.tex
(./main.tex
LaTeX2e <2025-11-01>
L3 programming layer <2026-01-19>
(/usr/share/texmf-dist/tex/latex/base/article.cls
Document Class: article 2025/01/22 v1.4n Standard LaTeX document class
(/usr/share/texmf-dist/tex/latex/base/size12.clo
File: size12.clo 2025/01/22 v1.4n Standard LaTeX file (size option)
)
\c@part=\count271
\c@section=\count272
\c@subsection=\count273
\c@subsubsection=\count274
\c@paragraph=\count275
\c@subparagraph=\count276
\c@figure=\count277
\c@table=\count278
\abovecaptionskip=\skip49
\belowcaptionskip=\skip50
\bibindent=\dimen148
)
(/usr/share/texmf-dist/tex/latex/geometry/geometry.sty
Package: geometry 2020/01/02 v5.9 Page Geometry

(/usr/share/texmf-dist/tex/latex/graphics/keyval.sty
Package: keyval 2022/05/29 v1.15 key=value parser (DPC)
\KV@toks@=\toks17
)
(/usr/share/texmf-dist/tex/generic/iftex/ifvtex.sty
Package: ifvtex 2019/10/25 v1.7 ifvtex legacy package. Use iftex instead.

(/usr/share/texmf-dist/tex/generic/iftex/iftex.sty
Package: iftex 2024/12/12 v1.0g TeX engine tests
))
\Gm@cnth=\count279
\Gm@cntv=\count280
\c@Gm@tempcnt=\count281
\Gm@bindingoffset=\dimen149
\Gm@wd@mp=\dimen150
\Gm@odd@mp=\dimen151
\Gm@even@mp=\dimen152
\Gm@layoutwidth=\dimen153
\Gm@layoutheight=\dimen154
\Gm@layouthoffset=\dimen155
\Gm@layoutvoffset=\dimen156
\Gm@dimlist=\toks18
)
(/usr/share/texmf-dist/tex/latex/xcolor/xcolor.sty
Package: xcolor 2024/09/29 v3.02 LaTeX color extensions (UK)

(/usr/share/texmf-dist/tex/latex/graphics-cfg/color.cfg
File: color.cfg 2016/01/02 v1.6 sample color configuration
)
Package xcolor Info: Driver file: xetex.def on input line 274.

(/usr/share/texmf-dist/tex/latex/graphics-def/xetex.def
File: xetex.def 2025/11/01 v5.0p Graphics/color driver for xetex
)
(/usr/share/texmf-dist/tex/latex/graphics/mathcolor.ltx)
Package xcolor Info: Model `cmy' substituted by `cmy0' on input line 1349.
Package xcolor Info: Model `RGB' extended on input line 1365.
Package xcolor Info: Model `HTML' substituted by `rgb' on input line 1367.
Package xcolor Info: Model `Hsb' substituted by `hsb' on input line 1368.
Package xcolor Info: Model `tHsb' substituted by `hsb' on input line 1369.
Package xcolor Info: Model `HSB' substituted by `hsb' on input line 1370.
Package xcolor Info: Model `Gray' substituted by `gray' on input line 1371.
Package xcolor Info: Model `wave' substituted by `hsb' on input line 1372.
)
(/usr/share/texmf-dist/tex/latex/graphics/graphicx.sty
Package: graphicx 2024/12/31 v1.2e Enhanced LaTeX Graphics (DPC,SPQR)

(/usr/share/texmf-dist/tex/latex/graphics/graphics.sty
Package: graphics 2024/08/06 v1.4g Standard LaTeX Graphics (DPC,SPQR)

(/usr/share/texmf-dist/tex/latex/graphics/trig.sty
Package: trig 2023/12/02 v1.11 sin cos tan (DPC)
)
(/usr/share/texmf-dist/tex/latex/graphics-cfg/graphics.cfg
File: graphics.cfg 2016/06/04 v1.11 sample graphics configuration
)
Package graphics Info: Driver file: xetex.def on input line 106.
)
\Gin@req@height=\dimen157
\Gin@req@width=\dimen158
)
(/usr/share/texmf-dist/tex/latex/titlesec/titlesec.sty
Package: titlesec 2025/01/04 v2.17 Sectioning titles
\ttl@box=\box53
\beforetitleunit=\skip51
\aftertitleunit=\skip52
\ttl@plus=\dimen159
\ttl@minus=\dimen160
\ttl@toksa=\toks19
\titlewidth=\dimen161
\titlewidthlast=\dimen162
\titlewidthfirst=\dimen163
)
(/usr/share/texmf-dist/tex/latex/fancyhdr/fancyhdr.sty
Package: fancyhdr 2025/02/07 v5.2 Extensive control of page headers and footers

\f@nch@headwidth=\skip53
\f@nch@offset@elh=\skip54
\f@nch@offset@erh=\skip55
\f@nch@offset@olh=\skip56
\f@nch@offset@orh=\skip57
\f@nch@offset@elf=\skip58
\f@nch@offset@erf=\skip59
\f@nch@offset@olf=\skip60
\f@nch@offset@orf=\skip61
\f@nch@height=\skip62
\f@nch@footalignment=\skip63
\f@nch@widthL=\skip64
\f@nch@widthC=\skip65
\f@nch@widthR=\skip66
\@temptokenb=\toks20
)
(/usr/share/texmf-dist/tex/latex/hyperref/hyperref.sty
Package: hyperref 2026-01-29 v7.01p Hypertext links for LaTeX

(/usr/share/texmf-dist/tex/latex/kvsetkeys/kvsetkeys.sty
Package: kvsetkeys 2022-10-05 v1.19 Key value parser (HO)
)
(/usr/share/texmf-dist/tex/generic/kvdefinekeys/kvdefinekeys.sty
Package: kvdefinekeys 2019-12-19 v1.6 Define keys (HO)
)
(/usr/share/texmf-dist/tex/generic/pdfescape/pdfescape.sty
Package: pdfescape 2019/12/09 v1.15 Implements pdfTeX's escape features (HO)

(/usr/share/texmf-dist/tex/generic/ltxcmds/ltxcmds.sty
Package: ltxcmds 2023-12-04 v1.26 LaTeX kernel commands for general use (HO)
)
(/usr/share/texmf-dist/tex/generic/pdftexcmds/pdftexcmds.sty
Package: pdftexcmds 2020-06-27 v0.33 Utility functions of pdfTeX for LuaTeX (HO
)

(/usr/share/texmf-dist/tex/generic/infwarerr/infwarerr.sty
Package: infwarerr 2019/12/03 v1.5 Providing info/warning/error messages (HO)
)
Package pdftexcmds Info: \pdf@primitive is available.
Package pdftexcmds Info: \pdf@ifprimitive is available.
Package pdftexcmds Info: \pdfdraftmode not found.
))
(/usr/share/texmf-dist/tex/latex/hycolor/hycolor.sty
Package: hycolor 2020-01-27 v1.10 Color options for hyperref/bookmark (HO)
)
(/usr/share/texmf-dist/tex/latex/hyperref/nameref.sty
Package: nameref 2026-01-29 v2.58 Cross-referencing by name of section

(/usr/share/texmf-dist/tex/latex/refcount/refcount.sty
Package: refcount 2019/12/15 v3.6 Data extraction from label references (HO)
)
(/usr/share/texmf-dist/tex/generic/gettitlestring/gettitlestring.sty
Package: gettitlestring 2019/12/15 v1.6 Cleanup title references (HO)

(/usr/share/texmf-dist/tex/latex/kvoptions/kvoptions.sty
Package: kvoptions 2022-06-15 v3.15 Key value format for package options (HO)
))
\c@section@level=\count282
)
(/usr/share/texmf-dist/tex/latex/etoolbox/etoolbox.sty
Package: etoolbox 2025/10/02 v2.5m e-TeX tools for LaTeX (JAW)
\etb@tempcnta=\count283
)
(/usr/share/texmf-dist/tex/generic/stringenc/stringenc.sty
Package: stringenc 2019/11/29 v1.12 Convert strings between diff. encodings (HO
)
)
\@linkdim=\dimen164
\Hy@linkcounter=\count284
\Hy@pagecounter=\count285

(/usr/share/texmf-dist/tex/latex/hyperref/pd1enc.def
File: pd1enc.def 2026-01-29 v7.01p Hyperref: PDFDocEncoding definition (HO)
)
(/usr/share/texmf-dist/tex/generic/intcalc/intcalc.sty
Package: intcalc 2019/12/15 v1.3 Expandable calculations with integers (HO)
)
\Hy@SavedSpaceFactor=\count286

(/usr/share/texmf-dist/tex/latex/hyperref/puenc.def
File: puenc.def 2026-01-29 v7.01p Hyperref: PDF Unicode definition (HO)
)
Package hyperref Info: Hyper figures OFF on input line 4201.
Package hyperref Info: Link nesting OFF on input line 4206.
Package hyperref Info: Hyper index ON on input line 4209.
Package hyperref Info: Plain pages OFF on input line 4216.
Package hyperref Info: Backreferencing OFF on input line 4221.
Package hyperref Info: Implicit mode ON; LaTeX internals redefined.
Package hyperref Info: Bookmarks ON on input line 4468.
\c@Hy@tempcnt=\count287

(/usr/share/texmf-dist/tex/latex/url/url.sty
\Urlmuskip=\muskip17
Package: url 2013/09/16  ver 3.4  Verb mode for urls, etc.
)
LaTeX Info: Redefining \url on input line 4807.
\XeTeXLinkMargin=\dimen165

(/usr/share/texmf-dist/tex/generic/bitset/bitset.sty
Package: bitset 2019/12/09 v1.3 Handle bit-vector datatype (HO)

(/usr/share/texmf-dist/tex/generic/bigintcalc/bigintcalc.sty
Package: bigintcalc 2019/12/15 v1.5 Expandable calculations on big integers (HO
)
))
\Fld@menulength=\count288
\Field@Width=\dimen166
\Fld@charsize=\dimen167
Package hyperref Info: Hyper figures OFF on input line 6084.
Package hyperref Info: Link nesting OFF on input line 6089.
Package hyperref Info: Hyper index ON on input line 6092.
Package hyperref Info: backreferencing OFF on input line 6099.
Package hyperref Info: Link coloring OFF on input line 6104.
Package hyperref Info: Link coloring with OCG OFF on input line 6109.
Package hyperref Info: PDF/A mode OFF on input line 6114.
\Hy@abspage=\count289
\c@Item=\count290
\c@Hfootnote=\count291
)
Package hyperref Info: Driver (autodetected): hxetex.

(/usr/share/texmf-dist/tex/latex/hyperref/hxetex.def
File: hxetex.def 2026-01-29 v7.01p Hyperref driver for XeTeX
\pdfm@box=\box54
\c@Hy@AnnotLevel=\count292
\HyField@AnnotCount=\count293
\Fld@listcount=\count294
\c@bookmark@seq@number=\count295

(/usr/share/texmf-dist/tex/latex/rerunfilecheck/rerunfilecheck.sty
Package: rerunfilecheck 2025-06-21 v1.11 Rerun checks for auxiliary files (HO)

(/usr/share/texmf-dist/tex/generic/uniquecounter/uniquecounter.sty
Package: uniquecounter 2019/12/15 v1.4 Provide unlimited unique counter (HO)
)
Package uniquecounter Info: New unique counter `rerunfilecheck' on input line 2
84.
)
\Hy@SectionHShift=\skip67
)
(/usr/share/texmf-dist/tex/latex/xepersian/xepersian.sty
Package: xepersian 2026/01/01 v26.01.01 (Release Iran) Persian typesetting in X
eLaTeX

****************************************************
* 
* xepersian package (Persian for LaTeX format in XeTeX and LuaTeX engines)
* 
* Description: A convenient interface for typesetting Persian and
English documents with LaTeX format in XeTeX and LuaTeX engines.
* 
* Copyright (c) 2008--2026 Vafa Khalighi
* Copyright (c) 2018--2020 bidi-tex GitHub Organization
* 
* v26.01.01 (Release Iran), 2026/01/01
* 
* License: LaTeX Project Public License, version
* 1.3c or higher (your choice)
* 
* Location on CTAN: /macros/unicodetex/latex/xepersian
* 
* Issue tracker: https://github.com/xepersian/xepersian/issues
* 
* Primary author of xepersian package: Vafa Khalighi.
* 
****************************************************
(/usr/share/texmf-dist/tex/latex/fontspec/fontspec.sty
(/usr/share/texmf-dist/tex/latex/l3packages/xparse/xparse.sty
(/usr/share/texmf-dist/tex/latex/l3kernel/expl3.sty
Package: expl3 2026-01-19 L3 programming layer (loader) 

(/usr/share/texmf-dist/tex/latex/l3backend/l3backend-xetex.def
File: l3backend-xetex.def 2025-10-09 L3 backend support: XeTeX
\g__graphics_track_int=\count296
\g__pdfannot_backend_int=\count297
\g__pdfannot_backend_link_int=\count298
))
Package: xparse 2025-10-09 L3 Experimental document command parser
)
Package: fontspec 2025/09/29 v2.9g Font selection for XeLaTeX and LuaLaTeX

(/usr/share/texmf-dist/tex/latex/fontspec/fontspec-xetex.sty
Package: fontspec-xetex 2025/09/29 v2.9g Font selection for XeLaTeX and LuaLaTe
X
\l__fontspec_script_int=\count299
\l__fontspec_language_int=\count300
\l__fontspec_strnum_int=\count301
\l__fontspec_tmp_int=\count302
\l__fontspec_tmpa_int=\count303
\l__fontspec_tmpb_int=\count304
\l__fontspec_tmpc_int=\count305
\l__fontspec_em_int=\count306
\l__fontspec_emdef_int=\count307
\l__fontspec_strong_int=\count308
\l__fontspec_strongdef_int=\count309
\l__fontspec_tmpa_dim=\dimen168
\l__fontspec_tmpb_dim=\dimen169
\l__fontspec_tmpc_dim=\dimen170

(/usr/share/texmf-dist/tex/latex/base/fontenc.sty
Package: fontenc 2025/07/18 v2.1d Standard LaTeX package
)
(/usr/share/texmf-dist/tex/latex/fontspec/fontspec.cfg)))
(/usr/share/texmf-dist/tex/latex/xepersian/unicode-persiancal.sty
Package: unicode-persiancal 2025/01/01 v0.3 Unicode Persian calendar
\XePersian@i=\count310
\XePersian@y=\count311
\XePersian@m=\count312
\XePersian@d=\count313
\XePersian@latini=\count314
\XePersian@persiani=\count315
\XePersian@latinii=\count316
\XePersian@persianii=\count317
\XePersian@latiniii=\count318
\XePersian@persianiii=\count319
\XePersian@latiniv=\count320
\XePersian@persianiv=\count321
\XePersian@latinv=\count322
\XePersian@persianv=\count323
\XePersian@latinvi=\count324
\XePersian@persianvi=\count325
\XePersian@latinvii=\count326
\XePersian@persianvii=\count327
\XePersian@latinviii=\count328
\XePersian@persianviii=\count329
\XePersian@latinix=\count330
\XePersian@persianix=\count331
\XePersian@latinx=\count332
\XePersian@persianx=\count333
\XePersian@latinxi=\count334
\XePersian@persianxi=\count335
\XePersian@latinxii=\count336
\XePersian@persianxii=\count337
\XePersian@persianxiii=\count338
\XePersian@temp=\count339
\XePersian@temptwo=\count340
\XePersian@tempthree=\count341
\XePersian@yModHundred=\count342
\XePersian@thirtytwo=\count343
\XePersian@dn=\count344
\XePersian@sn=\count345
\XePersian@mminusone=\count346
)
(/usr/share/texmf-dist/tex/latex/xepersian/unicode-persianmath.sty
Package: unicode-persianmath 2026/01/01 v1.2.6 Unicode Persian math
)
(/usr/share/texmf-dist/tex/latex/bidi/bidi.sty
Package: bidi 2026/01/08 v26.01.08 (Release Iran) Bidirectional typesetting in 
plain TeX and LaTeX

****************************************************
* 
* bidi package (Bidirectional typesetting with
* plain TeX and LaTeX formats in XeTeX and LuaTeX engines)
* 
* Description: A convenient interface for
* typesetting bidirectional texts in plain TeX
* and LaTeX. The package includes adaptations
* for use with many other commonly-used packages.
* 
* Copyright (c) 2007--2026 Vafa Khalighi
* Copyright (c) 2018--2020 bidi-tex GitHub organization
* 
* v26.01.08 (Release Iran), 2026/01/08
* 
* License: LaTeX Project Public License, version
* 1.3c or higher (your choice)
* 
* Location on CTAN: /macros/unicodetex/generic/bidi
* 
* Issue tracker: https://github.com/xepersian/bidi/issues
* 
* Primary author of bidi package: Vafa Khalighi.
* 
****************************************************
(/usr/share/texmf-dist/tex/latex/bidi/biditools.sty
Package: biditools 2025/12/19 v2.9 Programming tools for bidi package
\@bidi@envbody=\toks21
\@bidi@emptytoks=\toks22
\bidi@poscount=\count347
\bidi@tempcountb=\count348
\bidi@temptoksa=\toks23
\bidi@temptoksb=\toks24
\bidi@dummies=\count349
\bidi@are@these@correct=\toks25
\bidi@toks@lista=\toks26
\bidi@toks@listb=\toks27
\bidi@stack@length=\count350
\bidi@empty@stack=\toks28
\bidi@looprepeat@depth=\count351
)
(/usr/share/texmf-dist/tex/latex/zref/zref-abspage.sty
Package: zref-abspage 2025-06-08 v2.36 Module abspage for zref (HO)

(/usr/share/texmf-dist/tex/latex/zref/zref-base.sty
Package: zref-base 2025-06-08 v2.36 Module base for zref (HO)

(/usr/share/texmf-dist/tex/generic/etexcmds/etexcmds.sty
Package: etexcmds 2019/12/15 v1.7 Avoid name clashes with e-TeX commands (HO)
)
(/usr/share/texmf-dist/tex/latex/auxhook/auxhook.sty
Package: auxhook 2019-12-17 v1.6 Hooks for auxiliary files (HO)
)
Package zref Info: New property list: main on input line 767.
Package zref Info: New property: default on input line 768.
Package zref Info: New property: page on input line 769.
)
\c@abspage=\count352
Package zref Info: New property: abspage on input line 67.
)
\@bidi@copyins@=\insert252
\bidi@typesethour=\count353
\bidi@typesetminute=\count354

(/usr/share/texmf-dist/tex/latex/bidi/latex-xetex-bidi.def
File: latex-xetex-bidi.def 2025/12/19 v1.5.6 bidi adaptations for `latex.ltx' f
or XeTeX engine
\bidi@n@everypar=\toks29
LaTeX Info: Redefining \centerline on input line 317.
LaTeX Info: Redefining \leftline on input line 326.
LaTeX Info: Redefining \rightline on input line 327.
LaTeX Info: Redefining \underline on input line 335.
\bidi@column@check@number=\count355

(/usr/share/texmf-dist/tex/latex/bidi/footnote-xetex-bidi.def
File: footnote-xetex-bidi.def 2025/09/30 v1.6 bidi footnote macros for XeTeX en
gine
\c@footdir@label=\count356
\footdir@toks=\toks30
)
(/usr/share/texmf-dist/tex/latex/bidi/article-xetex-bidi.def
File: article-xetex-bidi.def 2025/09/30 v1.2 bidi adaptations for standard arti
cle class for XeTeX engine
)
(/usr/share/texmf-dist/tex/latex/bidi/color-xetex-bidi.def
File: color-xetex-bidi.def 2013/04/08 v0.2 bidi adaptations for color package f
or XeTeX engine
LaTeX Info: Redefining \color on input line 50.
)
(/usr/share/texmf-dist/tex/latex/bidi/fancyhdr-xetex-bidi.def
File: fancyhdr-xetex-bidi.def 2025/09/03 v1.0 bidi adaptations for fancyhdr pac
kage for XeTeX engine
)
(/usr/share/texmf-dist/tex/latex/bidi/geometry-xetex-bidi.def
File: geometry-xetex-bidi.def 2017/01/14 v0.2 bidi adaptations for geometry pac
kage for XeTeX engine
)
(/usr/share/texmf-dist/tex/latex/bidi/graphicx-xetex-bidi.def
File: graphicx-xetex-bidi.def 2017/06/17 v0.5 bidi adaptations for graphicx pac
kage for XeTeX engine
)
(/usr/share/texmf-dist/tex/latex/bidi/hyperref-xetex-bidi.def
File: hyperref-xetex-bidi.def 2025/12/06 v1.5 bidi adaptations for hyperref pac
kage for XeTeX engine
)
(/usr/share/texmf-dist/tex/latex/bidi/titlesec-xetex-bidi.def
File: titlesec-xetex-bidi.def 2010/07/25 v0.1 bidi adaptations for titlesec pac
kage for XeTeX engine
)
(/usr/share/texmf-dist/tex/latex/bidi/xcolor-xetex-bidi.def
File: xcolor-xetex-bidi.def 2022/06/13 v0.3 bidi adaptations for xcolor package
 for XeTeX engine
LaTeX Info: Redefining \color on input line 49.
LaTeX Info: Redefining \bidicolor on input line 92.
))
\bidi@digits=\count357
\bidi@digits@charclass=\XeTeXcharclass1
\bidi@sepmark@charclass=\XeTeXcharclass2
)
\xepersian@tcl=\count358
\xepersian@ilg=\dimen171
\xepersian@strutilg=\dimen172

(/usr/share/texmf-dist/tex/latex/xepersian/footnote-xetex-bidi-xetex-xepersian.
def
File: footnote-xetex-bidi-xetex-xepersian.def 2017/08/09 v0.6 xepersian adaptat
ions for footnotes for XeTeX engine
) (/usr/share/texmf-dist/tex/latex/xepersian/article-xetex-xepersian.def
File: article-xetex-xepersian.def 2010/07/25 v0.2 xepersian adaptations for sta
ndard article class for XeTeX engine
)
(/usr/share/texmf-dist/tex/latex/xepersian/hyperref-xetex-xepersian.def
File: hyperref-xetex-xepersian.def 2022/10/30 v0.8 xepersian adaptations for hy
perref package for XeTeX engine
)
(/usr/share/texmf-dist/tex/latex/xepersian/url-xetex-xepersian.def
File: url-xetex-xepersian.def 2025/09/03 v0.2 xepersian adaptations for url pac
kage for XeTeX engine
)
\xepersian@toks=\toks31
)

Package fontspec Info: 
(fontspec)             Font family 'lmroman10-regular(0)' created for font
(fontspec)             'lmroman10-regular' with options
(fontspec)             [Ligatures=TeX,Path,BoldFont={lmroman10-bold},BoldItalic
Font={lmroman10-bolditalic},ItalicFont={lmroman10-italic},SmallCapsFont={lmroma
ncaps10-regular},SlantedFont={lmromanslant10-regular},BoldSlantedFont={lmromans
lant10-bold}].
(fontspec)              
(fontspec)              This font family consists of the following NFSS
(fontspec)             series/shapes:
(fontspec)              
(fontspec)             - 'normal' (m/n) with NFSS spec.:
(fontspec)             <->"[lmroman10-regular]/OT:script=latn;language=dflt;map
ping=tex-text;"
(fontspec)             - 'small caps'  (m/sc) with NFSS spec.:
(fontspec)             <->"[lmromancaps10-regular]/OT:script=latn;language=dflt
;mapping=tex-text;"
(fontspec)             - 'bold' (b/n) with NFSS spec.:
(fontspec)             <->"[lmroman10-bold]/OT:script=latn;language=dflt;mappin
g=tex-text;"
(fontspec)             - 'bold small caps'  (b/sc) with NFSS spec.:
(fontspec)             <->"[lmromancaps10-regular]/OT:script=latn;language=dflt
;mapping=tex-text;"
(fontspec)             - 'italic' (m/it) with NFSS spec.:
(fontspec)             <->"[lmroman10-italic]/OT:script=latn;language=dflt;mapp
ing=tex-text;"
(fontspec)             - 'italic small caps'  (m/scit) with NFSS spec.:
(fontspec)             <->"[lmromancaps10-regular]/OT:script=latn;language=dflt
;mapping=tex-text;"
(fontspec)             - 'slanted' (m/sl) with NFSS spec.:
(fontspec)             <->"[lmromanslant10-regular]/OT:script=latn;language=dfl
t;mapping=tex-text;"
(fontspec)             - 'slanted small caps'  (m/scsl) with NFSS spec.:
(fontspec)             <->"[lmromancaps10-regular]/OT:script=latn;language=dflt
;mapping=tex-text;"
(fontspec)             - 'bold italic' (b/it) with NFSS spec.:
(fontspec)             <->"[lmroman10-bolditalic]/OT:script=latn;language=dflt;
mapping=tex-text;"
(fontspec)             - 'bold italic small caps'  (b/scit) with NFSS spec.:
(fontspec)             <->"[lmromancaps10-regular]/OT:script=latn;language=dflt
;mapping=tex-text;"
(fontspec)             - 'bold slanted' (b/sl) with NFSS spec.:
(fontspec)             <->"[lmromanslant10-bold]/OT:script=latn;language=dflt;m
apping=tex-text;"
(fontspec)             - 'bold slanted small caps'  (b/scsl) with NFSS spec.:
(fontspec)             <->"[lmromancaps10-regular]/OT:script=latn;language=dflt
;mapping=tex-text;"


Package fontspec Info: 
(fontspec)             Could not resolve font "Vazirmatn/I" (it probably
(fontspec)             doesn't exist).


Package fontspec Info: 
(fontspec)             Font family 'Vazirmatn(0)' created for font 'Vazirmatn'
(fontspec)             with options
(fontspec)             [RawFeature={script=arab},Ligatures=PersianTeX].
(fontspec)              
(fontspec)              This font family consists of the following NFSS
(fontspec)             series/shapes:
(fontspec)              
(fontspec)             - 'normal' (m/n) with NFSS spec.:
(fontspec)             <->"Vazirmatn/OT:script=latn;language=dflt;script=arab;m
apping=persian-tex-text;"
(fontspec)             - 'small caps'  (m/sc) with NFSS spec.:
(fontspec)             <->"Vazirmatn/OT:script=latn;language=dflt;script=arab;+
smcp;mapping=persian-tex-text;"
(fontspec)             - 'bold' (b/n) with NFSS spec.:
(fontspec)             <->"Vazirmatn/B/OT:script=latn;language=dflt;script=arab
;mapping=persian-tex-text;"
(fontspec)             - 'bold small caps'  (b/sc) with NFSS spec.:
(fontspec)             <->"Vazirmatn/B/OT:script=latn;language=dflt;script=arab
;+smcp;mapping=persian-tex-text;"
(fontspec)             - 'bold italic' (b/it) with NFSS spec.:
(fontspec)             <->"Vazirmatn/BI/OT:script=latn;language=dflt;script=ara
b;mapping=persian-tex-text;"
(fontspec)             - 'bold italic small caps'  (b/scit) with NFSS spec.:
(fontspec)             <->"Vazirmatn/BI/OT:script=latn;language=dflt;script=ara
b;+smcp;mapping=persian-tex-text;"


Package fontspec Info: 
(fontspec)             Font family 'LiberationSerif(0)' created for font
(fontspec)             'Liberation Serif' with options [Ligatures=TeX].
(fontspec)              
(fontspec)              This font family consists of the following NFSS
(fontspec)             series/shapes:
(fontspec)              
(fontspec)             - 'normal' (m/n) with NFSS spec.: <->"Liberation
(fontspec)             Serif/OT:script=latn;language=dflt;mapping=tex-text;"
(fontspec)             - 'bold' (b/n) with NFSS spec.: <->"Liberation
(fontspec)             Serif/B/OT:script=latn;language=dflt;mapping=tex-text;"
(fontspec)             - 'italic' (m/it) with NFSS spec.: <->"Liberation
(fontspec)             Serif/I/OT:script=latn;language=dflt;mapping=tex-text;"
(fontspec)             - 'bold italic' (b/it) with NFSS spec.: <->"Liberation
(fontspec)             Serif/BI/OT:script=latn;language=dflt;mapping=tex-text;"


LaTeX Info: Redefining \latinfont on input line 22.
Package hyperref Info: Option `colorlinks' set `true' on input line 31.

(./main.aux)
\openout1 = `main.aux'.

LaTeX Font Info:    Checking defaults for OML/cmm/m/it on input line 54.
LaTeX Font Info:    ... okay on input line 54.
LaTeX Font Info:    Checking defaults for OMS/cmsy/m/n on input line 54.
LaTeX Font Info:    ... okay on input line 54.
LaTeX Font Info:    Checking defaults for OT1/cmr/m/n on input line 54.
LaTeX Font Info:    ... okay on input line 54.
LaTeX Font Info:    Checking defaults for T1/cmr/m/n on input line 54.
LaTeX Font Info:    ... okay on input line 54.
LaTeX Font Info:    Checking defaults for TS1/cmr/m/n on input line 54.
LaTeX Font Info:    ... okay on input line 54.
LaTeX Font Info:    Checking defaults for TU/lmr/m/n on input line 54.
LaTeX Font Info:    ... okay on input line 54.
LaTeX Font Info:    Checking defaults for OMX/cmex/m/n on input line 54.
LaTeX Font Info:    ... okay on input line 54.
LaTeX Font Info:    Checking defaults for U/cmr/m/n on input line 54.
LaTeX Font Info:    ... okay on input line 54.
LaTeX Font Info:    Checking defaults for PD1/pdf/m/n on input line 54.
LaTeX Font Info:    ... okay on input line 54.
LaTeX Font Info:    Checking defaults for PU/pdf/m/n on input line 54.
LaTeX Font Info:    ... okay on input line 54.

*geometry* driver: auto-detecting
*geometry* detected driver: xetex
*geometry* verbose mode - [ preamble ] result:
* driver: xetex
* paper: a4paper
* layout: <same size as paper>
* layoutoffset:(h,v)=(0.0pt,0.0pt)
* modes: 
* h-part:(L,W,R)=(56.9055pt, 483.69687pt, 56.9055pt)
* v-part:(T,H,B)=(56.9055pt, 731.23584pt, 56.9055pt)
* \paperwidth=597.50787pt
* \paperheight=845.04684pt
* \textwidth=483.69687pt
* \textheight=731.23584pt
* \oddsidemargin=-15.36449pt
* \evensidemargin=-15.36449pt
* \topmargin=-52.36449pt
* \headheight=15.0pt
* \headsep=25.0pt
* \topskip=12.0pt
* \footskip=30.0pt
* \marginparwidth=35.0pt
* \marginparsep=10.0pt
* \columnsep=10.0pt
* \skip\footins=10.8pt plus 4.0pt minus 2.0pt
* \hoffset=0.0pt
* \voffset=0.0pt
* \mag=1000
* \@twocolumnfalse
* \@twosidefalse
* \@mparswitchfalse
* \@reversemarginfalse
* (1in=72.27pt=25.4mm, 1cm=28.453pt)

Package hyperref Info: Link coloring ON on input line 54.
(./main.out) (./main.out)
\@outlinefile=\write3
\openout3 = `main.out'.

 [1

] (./main.toc
LaTeX Font Info:    External font `cmex10' loaded for size
(Font)              <12> on input line 2.
LaTeX Font Info:    External font `cmex10' loaded for size
(Font)              <8> on input line 2.
LaTeX Font Info:    External font `cmex10' loaded for size
(Font)              <6> on input line 2.
)
\tf@toc=\write4
\openout4 = `main.toc'.

 [1] (./sections/01_training.tex
(./models/Training/Data/Pre-Training/olmo_2.tex)
(./models/Training/Data/Pre-Training/olmo_3.tex)
(./models/Training/Data/Pre-Training/deepseek_v3.tex)
(./models/Training/Data/Pre-Training/deepseek_v3_2.tex)
(./models/Training/Data/Pre-Training/deepseek_v4.tex)
(./models/Training/Data/Pre-Training/qwen_3.tex)
(./models/Training/Data/Pre-Training/glm_4_5.tex)
(./models/Training/Data/Pre-Training/glm_5.tex)
(./models/Training/Data/Pre-Training/kimi_k2.tex)
(./models/Training/Data/Pre-Training/kimi_k2_5.tex)
(./models/Training/Data/Pre-Training/magistral.tex)
(./models/Training/Data/Pre-Training/mobilellm_pro.tex)
(./models/Training/Data/Pre-Training/mobilellm_r1.tex)
(./models/Training/Data/Post-Training/olmo_2.tex)
(./models/Training/Data/Post-Training/olmo_3.tex)
(./models/Training/Data/Post-Training/deepseek_v3.tex)
(./models/Training/Data/Post-Training/deepseek_v3_2.tex)
(./models/Training/Data/Post-Training/deepseek_v4.tex)
(./models/Training/Data/Post-Training/qwen_3.tex)
(./models/Training/Data/Post-Training/glm_4_5.tex)
(./models/Training/Data/Post-Training/glm_5.tex)
(./models/Training/Data/Post-Training/kimi_k2.tex)
(./models/Training/Data/Post-Training/kimi_k2_5.tex)
(./models/Training/Data/Post-Training/magistral.tex)
(./models/Training/Data/Post-Training/mobilellm_pro.tex)
(./models/Training/Data/Post-Training/mobilellm_r1.tex) [2]
(./models/Training/Method/Pre-Training/olmo_2.tex)
(./models/Training/Method/Pre-Training/olmo_3.tex)
(./models/Training/Method/Pre-Training/deepseek_v3.tex)
(./models/Training/Method/Pre-Training/deepseek_v3_2.tex)
(./models/Training/Method/Pre-Training/deepseek_v4.tex)
(./models/Training/Method/Pre-Training/qwen_3.tex)
(./models/Training/Method/Pre-Training/glm_4_5.tex)
(./models/Training/Method/Pre-Training/glm_5.tex)
(./models/Training/Method/Pre-Training/kimi_k2.tex)
(./models/Training/Method/Pre-Training/kimi_k2_5.tex)
(./models/Training/Method/Pre-Training/magistral.tex)
(./models/Training/Method/Pre-Training/mobilellm_pro.tex)
(./models/Training/Method/Pre-Training/mobilellm_r1.tex)
(./models/Training/Method/Post-Training/olmo_2.tex)
(./models/Training/Method/Post-Training/olmo_3.tex)
(./models/Training/Method/Post-Training/deepseek_v3.tex)
(./models/Training/Method/Post-Training/deepseek_v3_2.tex)
(./models/Training/Method/Post-Training/deepseek_v4.tex)
(./models/Training/Method/Post-Training/qwen_3.tex)
(./models/Training/Method/Post-Training/glm_4_5.tex)
(./models/Training/Method/Post-Training/glm_5.tex)
(./models/Training/Method/Post-Training/kimi_k2.tex)
(./models/Training/Method/Post-Training/kimi_k2_5.tex)
(./models/Training/Method/Post-Training/magistral.tex)
(./models/Training/Method/Post-Training/mobilellm_pro.tex)
(./models/Training/Method/Post-Training/mobilellm_r1.tex))
(./sections/02_architecture.tex
(./models/Architecture/ActivationFunction/olmo_2.tex)
(./models/Architecture/ActivationFunction/olmo_3.tex [3])
(./models/Architecture/ActivationFunction/deepseek_v3.tex)
(./models/Architecture/ActivationFunction/deepseek_v3_2.tex)
(./models/Architecture/ActivationFunction/deepseek_v4.tex)
(./models/Architecture/ActivationFunction/qwen_3.tex)
(./models/Architecture/ActivationFunction/glm_4_5.tex)
(./models/Architecture/ActivationFunction/glm_5.tex)
(./models/Architecture/ActivationFunction/kimi_k2.tex)
(./models/Architecture/ActivationFunction/kimi_k2_5.tex)
(./models/Architecture/ActivationFunction/magistral.tex)
(./models/Architecture/ActivationFunction/mobilellm_pro.tex)
(./models/Architecture/ActivationFunction/mobilellm_r1.tex)
(./models/Architecture/Tokenizer/olmo_2.tex)
(./models/Architecture/Tokenizer/olmo_3.tex)
(./models/Architecture/Tokenizer/deepseek_v3.tex)
(./models/Architecture/Tokenizer/deepseek_v3_2.tex)
(./models/Architecture/Tokenizer/deepseek_v4.tex)
(./models/Architecture/Tokenizer/qwen_3.tex)
(./models/Architecture/Tokenizer/glm_4_5.tex)
(./models/Architecture/Tokenizer/glm_5.tex)
(./models/Architecture/Tokenizer/kimi_k2.tex)
(./models/Architecture/Tokenizer/kimi_k2_5.tex)
(./models/Architecture/Tokenizer/magistral.tex)
(./models/Architecture/Tokenizer/mobilellm_pro.tex)
(./models/Architecture/Tokenizer/mobilellm_r1.tex)
(./models/Architecture/MLP/olmo_2.tex) (./models/Architecture/MLP/olmo_3.tex
[4]) (./models/Architecture/MLP/deepseek_v3.tex)
(./models/Architecture/MLP/deepseek_v3_2.tex)
(./models/Architecture/MLP/deepseek_v4.tex)
(./models/Architecture/MLP/qwen_3.tex) (./models/Architecture/MLP/glm_4_5.tex)
(./models/Architecture/MLP/glm_5.tex) (./models/Architecture/MLP/kimi_k2.tex)
(./models/Architecture/MLP/kimi_k2_5.tex)
(./models/Architecture/MLP/magistral.tex)
(./models/Architecture/MLP/mobilellm_pro.tex)
(./models/Architecture/MLP/mobilellm_r1.tex)
(./models/Architecture/ActivationFunction/olmo_2.tex)
(./models/Architecture/ActivationFunction/olmo_3.tex)
(./models/Architecture/ActivationFunction/deepseek_v3.tex)
(./models/Architecture/ActivationFunction/deepseek_v3_2.tex)
(./models/Architecture/ActivationFunction/deepseek_v4.tex)
(./models/Architecture/ActivationFunction/qwen_3.tex)
(./models/Architecture/ActivationFunction/glm_4_5.tex)
(./models/Architecture/ActivationFunction/glm_5.tex)
(./models/Architecture/ActivationFunction/kimi_k2.tex)
(./models/Architecture/ActivationFunction/kimi_k2_5.tex)
(./models/Architecture/ActivationFunction/magistral.tex)
(./models/Architecture/ActivationFunction/mobilellm_pro.tex)
(./models/Architecture/ActivationFunction/mobilellm_r1.tex)
(./models/Architecture/Normalization/olmo_2.tex)
(./models/Architecture/Normalization/olmo_3.tex)
(./models/Architecture/Normalization/deepseek_v3.tex)
(./models/Architecture/Normalization/deepseek_v3_2.tex [5])
(./models/Architecture/Normalization/deepseek_v4.tex)
(./models/Architecture/Normalization/qwen_3.tex)
(./models/Architecture/Normalization/glm_4_5.tex)
(./models/Architecture/Normalization/glm_5.tex)
(./models/Architecture/Normalization/kimi_k2.tex)
(./models/Architecture/Normalization/kimi_k2_5.tex)
(./models/Architecture/Normalization/magistral.tex)
(./models/Architecture/Normalization/mobilellm_pro.tex)
(./models/Architecture/Normalization/mobilellm_r1.tex)
(./models/Architecture/Attention/olmo_2.tex)
(./models/Architecture/Attention/olmo_3.tex)
(./models/Architecture/Attention/deepseek_v3.tex)
(./models/Architecture/Attention/deepseek_v3_2.tex)
(./models/Architecture/Attention/deepseek_v4.tex)
(./models/Architecture/Attention/qwen_3.tex)
(./models/Architecture/Attention/glm_4_5.tex)
(./models/Architecture/Attention/glm_5.tex)
(./models/Architecture/Attention/kimi_k2.tex)
(./models/Architecture/Attention/kimi_k2_5.tex)
(./models/Architecture/Attention/magistral.tex)
(./models/Architecture/Attention/mobilellm_pro.tex)
(./models/Architecture/Attention/mobilellm_r1.tex)
(./models/Architecture/Transformer/olmo_2.tex)
(./models/Architecture/Transformer/olmo_3.tex)
(./models/Architecture/Transformer/deepseek_v3.tex)
(./models/Architecture/Transformer/deepseek_v3_2.tex [6])
(./models/Architecture/Transformer/deepseek_v4.tex)
(./models/Architecture/Transformer/qwen_3.tex)
(./models/Architecture/Transformer/glm_4_5.tex)
(./models/Architecture/Transformer/glm_5.tex)
(./models/Architecture/Transformer/kimi_k2.tex)
(./models/Architecture/Transformer/kimi_k2_5.tex)
(./models/Architecture/Transformer/magistral.tex)
(./models/Architecture/Transformer/mobilellm_pro.tex)
(./models/Architecture/Transformer/mobilellm_r1.tex))
(./sections/03_optimization.tex (./models/Optimization/Algorithm/olmo_2.tex)
(./models/Optimization/Algorithm/olmo_3.tex)
(./models/Optimization/Algorithm/deepseek_v3.tex)
(./models/Optimization/Algorithm/deepseek_v3_2.tex)
(./models/Optimization/Algorithm/deepseek_v4.tex)
(./models/Optimization/Algorithm/qwen_3.tex)
(./models/Optimization/Algorithm/glm_4_5.tex)
(./models/Optimization/Algorithm/glm_5.tex)
(./models/Optimization/Algorithm/kimi_k2.tex)
(./models/Optimization/Algorithm/kimi_k2_5.tex)
(./models/Optimization/Algorithm/magistral.tex)
(./models/Optimization/Algorithm/mobilellm_pro.tex)
(./models/Optimization/Algorithm/mobilellm_r1.tex)
(./models/Optimization/LossFunction/olmo_2.tex)
(./models/Optimization/LossFunction/olmo_3.tex [7])
(./models/Optimization/LossFunction/deepseek_v3.tex)
(./models/Optimization/LossFunction/deepseek_v3_2.tex)
(./models/Optimization/LossFunction/deepseek_v4.tex)
(./models/Optimization/LossFunction/qwen_3.tex)
(./models/Optimization/LossFunction/glm_4_5.tex)
(./models/Optimization/LossFunction/glm_5.tex)
(./models/Optimization/LossFunction/kimi_k2.tex)
(./models/Optimization/LossFunction/kimi_k2_5.tex)
(./models/Optimization/LossFunction/magistral.tex)
(./models/Optimization/LossFunction/mobilellm_pro.tex)
(./models/Optimization/LossFunction/mobilellm_r1.tex))
(./sections/04_hyperparameter_tuning.tex
Overfull \hbox (14.25148pt too wide) in paragraph at lines 1--1
[]|[]\TU/Vazirmatn(0)/b/n/24.88 تنظیم هایپرپارامتر ([]\TU/LiberationSerif(0)/b/
n/24.88 Hyperparameter Tuning[]\TU/Vazirmatn(0)/b/n/24.88 )| [] 
 []

(./models/HyperparameterTuning/olmo_2.tex)
(./models/HyperparameterTuning/olmo_3.tex)
(./models/HyperparameterTuning/deepseek_v3.tex)
(./models/HyperparameterTuning/deepseek_v3_2.tex)
(./models/HyperparameterTuning/deepseek_v4.tex)
(./models/HyperparameterTuning/qwen_3.tex)
(./models/HyperparameterTuning/glm_4_5.tex)
(./models/HyperparameterTuning/glm_5.tex)
(./models/HyperparameterTuning/kimi_k2.tex)
(./models/HyperparameterTuning/kimi_k2_5.tex)
(./models/HyperparameterTuning/magistral.tex)
(./models/HyperparameterTuning/mobilellm_pro.tex)
(./models/HyperparameterTuning/mobilellm_r1.tex))
(./sections/05_scaling_laws.tex [8] [9]
Overfull \hbox (10.62433pt too wide) in paragraph at lines 27--28
[]\TU/Vazirmatn(0)/m/n/12 مدل‌های []\TU/LiberationSerif(0)/m/n/12 MoE[] \TU/Vaz
irmatn(0)/m/n/12 به دلیل جداسازی تعداد کل پارامترها از هزینه محاسباتی ([]\TU/Li
berationSerif(0)/m/n/12 FLOPs[]\TU/Vazirmatn(0)/m/n/12 )، نیازمند قوانین مقیاس‌
پذیری[]
 []


Overfull \hbox (1.83243pt too wide) in paragraph at lines 36--37
[][]\TU/Vazirmatn(0)/b/n/12 بازیافت مدل‌ها ([]\TU/LiberationSerif(0)/b/n/12 Upc
ycling[]\TU/Vazirmatn(0)/b/n/12 ): \TU/Vazirmatn(0)/m/n/12 لیو و همکاران [[]] ب
ه بررسی تبدیل مدل‌های متراکم از پیش‌آموزش‌دیده[]
 []


Overfull \hbox (2.61758pt too wide) in paragraph at lines 47--48
[][]\TU/Vazirmatn(0)/b/n/12 ساختار سلسله‌مراتبی داده‌ها: \TU/Vazirmatn(0)/m/n/1
2 کاگنتا و همکاران [[]] با استفاده از مدل سلسله‌مراتب تصادفی ([]\TU/LiberationS
erif(0)/m/n/12 RHM[]\TU/Vazirmatn(0)/m/n/12 )،[]
 []

[10]) (./sections/06_evaluation.tex (./models/Evaluation/olmo_2.tex)
(./models/Evaluation/olmo_3.tex) (./models/Evaluation/deepseek_v3.tex)
(./models/Evaluation/deepseek_v3_2.tex) (./models/Evaluation/deepseek_v4.tex)
(./models/Evaluation/qwen_3.tex) (./models/Evaluation/glm_4_5.tex)
(./models/Evaluation/glm_5.tex [11]) (./models/Evaluation/kimi_k2.tex)
(./models/Evaluation/kimi_k2_5.tex) (./models/Evaluation/magistral.tex)
(./models/Evaluation/mobilellm_pro.tex) (./models/Evaluation/mobilellm_r1.tex))
(./sections/07_rl.tex (./models/ReinforcementLearning/PPO.tex)
(./models/ReinforcementLearning/DPO.tex)
(./models/ReinforcementLearning/GRPO.tex)
(./models/ReinforcementLearning/GSPO.tex)
(./models/ReinforcementLearning/DAPO.tex)
(./models/ReinforcementLearning/SAPO.tex)
(./models/ReinforcementLearning/RLVR.tex)) [12] (./main.bbl
Missing character: There is no م (U+0645) in font Liberation Serif Bold/OT:scri
pt=latn;language=dflt;mapping=tex-text;!
Missing character: There is no ن (U+0646) in font Liberation Serif Bold/OT:scri
pt=latn;language=dflt;mapping=tex-text;!
Missing character: There is no ا (U+0627) in font Liberation Serif Bold/OT:scri
pt=latn;language=dflt;mapping=tex-text;!
Missing character: There is no ب (U+0628) in font Liberation Serif Bold/OT:scri
pt=latn;language=dflt;mapping=tex-text;!
Missing character: There is no ع (U+0639) in font Liberation Serif Bold/OT:scri
pt=latn;language=dflt;mapping=tex-text;!

Underfull \hbox (badness 1215) in paragraph at lines 91--95
[]\TU/LiberationSerif(0)/m/n/12 El-Nouby, and Pierre Ablin.  Scaling laws for o
ptimal data mixtures.  \TU/LiberationSerif(0)/m/it/12 arXiv preprint[]
 []

[13]) [14] (./main.aux)
 ***********
LaTeX2e <2025-11-01>
L3 programming layer <2026-01-19>
 ***********
Package rerunfilecheck Info: File `main.out' has not changed.
(rerunfilecheck)             Checksum: E25B71A49CFEF440A67ABAB4B55190A5;7114.
 ) 
Here is how much of TeX's memory you used:
 15944 strings out of 468168
 366621 string characters out of 5438845
 783443 words of memory out of 5000000
 43974 multiletter control sequences out of 15000+600000
 631153 words of font info for 92 fonts, out of 8000000 for 9000
 1348 hyphenation exceptions out of 8191
 88i,13n,101p,1181b,547s stack positions out of 10000i,1000n,20000p,200000b,200000s

Output written on main.pdf (15 pages).
